[debug] [2025-05-01T21:22:12.840Z] ----------------------------------------------------------------------
[debug] [2025-05-01T21:22:12.842Z] Command:       /Users/yassinsidkey/.nvm/versions/node/v18.20.8/bin/node /Users/yassinsidkey/.nvm/versions/node/v16.20.2/bin/firebase projects:list
[debug] [2025-05-01T21:22:12.842Z] CLI Version:   13.2.1
[debug] [2025-05-01T21:22:12.843Z] Platform:      darwin
[debug] [2025-05-01T21:22:12.843Z] Node Version:  v18.20.8
[debug] [2025-05-01T21:22:12.846Z] Time:          Fri May 02 2025 00:22:12 GMT+0300 (Eastern European Summer Time)
[debug] [2025-05-01T21:22:12.846Z] ----------------------------------------------------------------------
[debug] 
[debug] [2025-05-01T21:22:12.920Z] > command requires scopes: ["email","openid","https://www.googleapis.com/auth/cloudplatformprojects.readonly","https://www.googleapis.com/auth/firebase","https://www.googleapis.com/auth/cloud-platform"]
[debug] [2025-05-01T21:22:12.921Z] > authorizing via signed-in user (yassin.sidkey@gmail.com)
[debug] [2025-05-01T21:22:12.926Z] > refreshing access token with scopes: []
[debug] [2025-05-01T21:22:12.930Z] >>> [apiv2][query] POST https://www.googleapis.com/oauth2/v3/token [none]
[debug] [2025-05-01T21:22:12.930Z] >>> [apiv2][body] POST https://www.googleapis.com/oauth2/v3/token [omitted]
[debug] [2025-05-01T21:22:13.198Z] <<< [apiv2][status] POST https://www.googleapis.com/oauth2/v3/token 400
[debug] [2025-05-01T21:22:13.198Z] <<< [apiv2][body] POST https://www.googleapis.com/oauth2/v3/token [omitted]
[debug] [2025-05-01T21:22:13.199Z] >>> [apiv2][query] GET https://firebase.googleapis.com/v1beta1/projects pageSize=1000
[debug] [2025-05-01T21:22:13.417Z] <<< [apiv2][status] GET https://firebase.googleapis.com/v1beta1/projects 401
[debug] [2025-05-01T21:22:13.417Z] <<< [apiv2][body] GET https://firebase.googleapis.com/v1beta1/projects [omitted]
[debug] [2025-05-01T21:22:13.419Z] HTTP Error: 401, Request had invalid authentication credentials. Expected OAuth 2 access token, login cookie or other valid authentication credential. See https://developers.google.com/identity/sign-in/web/devconsole-project.
[debug] [2025-05-01T21:22:13.421Z] FirebaseError: HTTP Error: 401, Request had invalid authentication credentials. Expected OAuth 2 access token, login cookie or other valid authentication credential. See https://developers.google.com/identity/sign-in/web/devconsole-project.
    at responseToError (/Users/yassinsidkey/.nvm/versions/node/v16.20.2/lib/node_modules/firebase-tools/lib/responseToError.js:49:12)
    at RetryOperation._fn (/Users/yassinsidkey/.nvm/versions/node/v16.20.2/lib/node_modules/firebase-tools/lib/apiv2.js:292:77)
    at process.processTicksAndRejections (node:internal/process/task_queues:95:5)
[error] 
[error] Error: Failed to list Firebase projects. See firebase-debug.log for more info.
